polymake: upgrading /tmp/gaptempdirL19Ewg/partialFD3235 from old plain file format
polymake: used package cdd
  cddlib
  Implementation of the double description method of Motzkin et al.
  Copyright by Komei Fukuda.
  https://people.inf.ethz.ch/fukudak/cdd_home/
  https://github.com/cddlib

polymake: upgrading /tmp/gaptempdirL19Ewg/partialFD3235 from old plain file format
polymake: used package cdd
  cddlib
  Implementation of the double description method of Motzkin et al.
  Copyright by Komei Fukuda.
  https://people.inf.ethz.ch/fukudak/cdd_home/
  https://github.com/cddlib

polymake: upgrading /tmp/gaptempdirL19Ewg/partialFD3235 from old plain file format
polymake: used package cdd
  cddlib
  Implementation of the double description method of Motzkin et al.
  Copyright by Komei Fukuda.
  https://people.inf.ethz.ch/fukudak/cdd_home/
  https://github.com/cddlib

polymake: upgrading /tmp/gaptempdirL19Ewg/partialFD3235 from old plain file format
polymake: used package cdd
  cddlib
  Implementation of the double description method of Motzkin et al.
  Copyright by Komei Fukuda.
  https://people.inf.ethz.ch/fukudak/cdd_home/
  https://github.com/cddlib

