#I  HAP warning: Set NEATO_PATH manually if needed.
#I  HAP warning: Set DOT_PATH manually if needed.
#I  HAP warning: Set DISPLAY_PATH manually if needed.
#I  HAP warning: Set ASY_PATH manually if needed.
polymake: upgrading /tmp/gaptempdirMfDdJB/partialFD9652 from old plain file format
polymake: used package cdd
  cddlib
  Implementation of the double description method of Motzkin et al.
  Copyright by Komei Fukuda.
  https://people.inf.ethz.ch/fukudak/cdd_home/
  https://github.com/cddlib

polymake: upgrading /tmp/gaptempdirMfDdJB/partialFD10086 from old plain file format
polymake: used package cdd
  cddlib
  Implementation of the double description method of Motzkin et al.
  Copyright by Komei Fukuda.
  https://people.inf.ethz.ch/fukudak/cdd_home/
  https://github.com/cddlib

polymake: upgrading /tmp/gaptempdirMfDdJB/partialFD10086 from old plain file format
polymake: used package cdd
  cddlib
  Implementation of the double description method of Motzkin et al.
  Copyright by Komei Fukuda.
  https://people.inf.ethz.ch/fukudak/cdd_home/
  https://github.com/cddlib

polymake: upgrading /tmp/gaptempdirMfDdJB/partialFD10086 from old plain file format
polymake: used package cdd
  cddlib
  Implementation of the double description method of Motzkin et al.
  Copyright by Komei Fukuda.
  https://people.inf.ethz.ch/fukudak/cdd_home/
  https://github.com/cddlib

polymake: upgrading /tmp/gaptempdirMfDdJB/partialFD10086 from old plain file format
polymake: used package cdd
  cddlib
  Implementation of the double description method of Motzkin et al.
  Copyright by Komei Fukuda.
  https://people.inf.ethz.ch/fukudak/cdd_home/
  https://github.com/cddlib

polymake: upgrading /tmp/gaptempdirMfDdJB/partialFD11649 from old plain file format
polymake: used package cdd
  cddlib
  Implementation of the double description method of Motzkin et al.
  Copyright by Komei Fukuda.
  https://people.inf.ethz.ch/fukudak/cdd_home/
  https://github.com/cddlib

polymake: upgrading /tmp/gaptempdirMfDdJB/partialFD11649 from old plain file format
polymake: used package cdd
  cddlib
  Implementation of the double description method of Motzkin et al.
  Copyright by Komei Fukuda.
  https://people.inf.ethz.ch/fukudak/cdd_home/
  https://github.com/cddlib

polymake: upgrading /tmp/gaptempdirMfDdJB/partialFD11649 from old plain file format
polymake: used package cdd
  cddlib
  Implementation of the double description method of Motzkin et al.
  Copyright by Komei Fukuda.
  https://people.inf.ethz.ch/fukudak/cdd_home/
  https://github.com/cddlib

polymake: upgrading /tmp/gaptempdirMfDdJB/partialFD12430 from old plain file format
polymake: used package cdd
  cddlib
  Implementation of the double description method of Motzkin et al.
  Copyright by Komei Fukuda.
  https://people.inf.ethz.ch/fukudak/cdd_home/
  https://github.com/cddlib

polymake: upgrading /tmp/gaptempdirMfDdJB/partialFD12430 from old plain file format
polymake: used package cdd
  cddlib
  Implementation of the double description method of Motzkin et al.
  Copyright by Komei Fukuda.
  https://people.inf.ethz.ch/fukudak/cdd_home/
  https://github.com/cddlib

polymake: upgrading /tmp/gaptempdirMfDdJB/partialFD12430 from old plain file format
polymake: used package cdd
  cddlib
  Implementation of the double description method of Motzkin et al.
  Copyright by Komei Fukuda.
  https://people.inf.ethz.ch/fukudak/cdd_home/
  https://github.com/cddlib

polymake: upgrading /tmp/gaptempdirMfDdJB/partialFD13445 from old plain file format
polymake: used package cdd
  cddlib
  Implementation of the double description method of Motzkin et al.
  Copyright by Komei Fukuda.
  https://people.inf.ethz.ch/fukudak/cdd_home/
  https://github.com/cddlib

polymake: upgrading /tmp/gaptempdirMfDdJB/partialFD13445 from old plain file format
polymake: used package cdd
  cddlib
  Implementation of the double description method of Motzkin et al.
  Copyright by Komei Fukuda.
  https://people.inf.ethz.ch/fukudak/cdd_home/
  https://github.com/cddlib

polymake: upgrading /tmp/gaptempdirMfDdJB/partialFD13882 from old plain file format
polymake: used package cdd
  cddlib
  Implementation of the double description method of Motzkin et al.
  Copyright by Komei Fukuda.
  https://people.inf.ethz.ch/fukudak/cdd_home/
  https://github.com/cddlib

polymake: upgrading /tmp/gaptempdirMfDdJB/partialFD13882 from old plain file format
polymake: used package cdd
  cddlib
  Implementation of the double description method of Motzkin et al.
  Copyright by Komei Fukuda.
  https://people.inf.ethz.ch/fukudak/cdd_home/
  https://github.com/cddlib

polymake: upgrading /tmp/gaptempdirMfDdJB/partialFD13882 from old plain file format
polymake: used package cdd
  cddlib
  Implementation of the double description method of Motzkin et al.
  Copyright by Komei Fukuda.
  https://people.inf.ethz.ch/fukudak/cdd_home/
  https://github.com/cddlib

56 exact space-group twist checks passed (six full affine groups).
