# Regenerated 2026-09-24T09:40:23.076277+00:00
# Command: gap -q --quitonbreak examples/c2.g
# Source commit: 8d8a32d97d365043c71e419c1f6d1a833b8d4a41

#I  HAP warning: Set NEATO_PATH manually if needed.
#I  HAP warning: Set DOT_PATH manually if needed.
#I  HAP warning: Set DISPLAY_PATH manually if needed.
#I  HAP warning: Set BROWSER_PATH manually if needed.
C2, untwisted, E2--E6: 
E2
+-------+-----+---+-----+
| q \ p |  0  | 1 |  2  |
+-------+-----+---+-----+
|   0   |  .  | . |  .  |
|  -1   |  .  | . |  .  |
|  -2   | Z/2 | . |  .  |
|  -3   |  0  | 0 |  .  |
|  -4   |  Z  | 0 | Z/2 |
+-------+-----+---+-----+
0 = zero group; . = outside the displayed window.

E3
+-------+-----+---+-----+
| q \ p |  0  | 1 |  2  |
+-------+-----+---+-----+
|   0   |  .  | . |  .  |
|  -1   |  .  | . |  .  |
|  -2   | Z/2 | . |  .  |
|  -3   |  0  | 0 |  .  |
|  -4   |  Z  | 0 | Z/2 |
+-------+-----+---+-----+
0 = zero group; . = outside the displayed window.

E4
+-------+-----+---+-----+
| q \ p |  0  | 1 |  2  |
+-------+-----+---+-----+
|   0   |  .  | . |  .  |
|  -1   |  .  | . |  .  |
|  -2   | Z/2 | . |  .  |
|  -3   |  0  | 0 |  .  |
|  -4   |  Z  | 0 | Z/2 |
+-------+-----+---+-----+
0 = zero group; . = outside the displayed window.

E5
+-------+-----+---+-----+
| q \ p |  0  | 1 |  2  |
+-------+-----+---+-----+
|   0   |  .  | . |  .  |
|  -1   |  .  | . |  .  |
|  -2   | Z/2 | . |  .  |
|  -3   |  0  | 0 |  .  |
|  -4   |  Z  | 0 | Z/2 |
+-------+-----+---+-----+
0 = zero group; . = outside the displayed window.

E6
+-------+-----+---+-----+
| q \ p |  0  | 1 |  2  |
+-------+-----+---+-----+
|   0   |  .  | . |  .  |
|  -1   |  .  | . |  .  |
|  -2   | Z/2 | . |  .  |
|  -3   |  0  | 0 |  .  |
|  -4   |  Z  | 0 | Z/2 |
+-------+-----+---+-----+
0 = zero group; . = outside the displayed window.
