test_c2_inclusion_chain_map (test_chain_models.ChainModelTests.test_c2_inclusion_chain_map) ... ok
test_crossed_inclusion_uses_perturbation (test_chain_models.ChainModelTests.test_crossed_inclusion_uses_perturbation) ... ok
test_diagonal_simplicial_identities (test_chain_models.ChainModelTests.test_diagonal_simplicial_identities) ... ok
test_diagonal_total_chain_maps (test_chain_models.ChainModelTests.test_diagonal_total_chain_maps) ... ok
test_first_bar_stage (test_chain_models.ChainModelTests.test_first_bar_stage) ... ok
test_full_comparison_through_degree_seven (test_chain_models.ChainModelTests.test_full_comparison_through_degree_seven) ... ok
test_product_homotopy (test_chain_models.ChainModelTests.test_product_homotopy) ... ok
test_unit_edge_contraction (test_chain_models.ChainModelTests.test_unit_edge_contraction) ... ok
test_algebra (test_exterior_bar.ExteriorBarTests.test_algebra) ... ok
test_degree_and_low_orientation (test_exterior_bar.ExteriorBarTests.test_degree_and_low_orientation) ... ok
test_free_comparison_chain_maps (test_exterior_bar.ExteriorBarTests.test_free_comparison_chain_maps) ... ok
test_free_comparison_homotopy (test_exterior_bar.ExteriorBarTests.test_free_comparison_homotopy) ... ok
test_free_differentials_and_augmentation_contractions (test_exterior_bar.ExteriorBarTests.test_free_differentials_and_augmentation_contractions) ... ok
test_sign_comparison_and_homotopy (test_exterior_bar.ExteriorBarTests.test_sign_comparison_and_homotopy) ... ok
test_validation_and_cache_isolation (test_exterior_bar.ExteriorBarTests.test_validation_and_cache_isolation) ... ok
test_complete_suspended_correction_pairing_matrix (test_high_calibration.HighCalibrationTests.test_complete_suspended_correction_pairing_matrix) ... ok
test_normalization_preserves_actual_integral_orientations (test_high_calibration.HighCalibrationTests.test_normalization_preserves_actual_integral_orientations) ... ok
test_closed_upper_corrections (test_high_phase.HighPhaseTests.test_closed_upper_corrections) ... ok
test_final_normalization_coefficients (test_high_phase.HighPhaseTests.test_final_normalization_coefficients) ... ok
test_input_degree_rejected (test_high_phase.HighPhaseTests.test_input_degree_rejected) ... ok
test_signed_defining_system (test_high_phase.HighPhaseTests.test_signed_defining_system) ... ok
test_signed_r3_residual (test_high_phase.HighPhaseTests.test_signed_r3_residual) ... ok
test_R0_twisted_residual (test_low_phases.LowPhasesTests.test_R0_twisted_residual) ... ok
test_V1_source_identity (test_low_phases.LowPhasesTests.test_V1_source_identity) ... ok
test_assembled_twisted_phases_are_integral (test_low_phases.LowPhasesTests.test_assembled_twisted_phases_are_integral) ... ok
test_cayley_contraction (test_low_phases.LowPhasesTests.test_cayley_contraction) ... ok
test_fixed_coefficients (test_low_phases.LowPhasesTests.test_fixed_coefficients) ... ok
test_odd_base_is_literal_zero (test_low_phases.LowPhasesTests.test_odd_base_is_literal_zero) ... ok
test_reject_degrees (test_low_phases.LowPhasesTests.test_reject_degrees) ... ok
test_reverse_edge (test_low_phases.LowPhasesTests.test_reverse_edge) ... ok
test_c3_generator_and_positive_bockstein (test_mod3_power.ModThreePowerTests.test_c3_generator_and_positive_bockstein) ... ok
test_degree_three_formula_has_nineteen_terms (test_mod3_power.ModThreePowerTests.test_degree_three_formula_has_nineteen_terms) ... ok
test_integral_cyclic_diagonal_identities (test_mod3_power.ModThreePowerTests.test_integral_cyclic_diagonal_identities) ... ok
test_ko_coefficient_and_low_degree_vanishing (test_mod3_power.ModThreePowerTests.test_ko_coefficient_and_low_degree_vanishing) ... ok
test_nontrivial_group_sign_and_integral_cocycle (test_mod3_power.ModThreePowerTests.test_nontrivial_group_sign_and_integral_cocycle) ... ok
test_nonzero_differential_on_integral_c3_product_input (test_mod3_power.ModThreePowerTests.test_nonzero_differential_on_integral_c3_product_input) ... ok
test_normalized_simplicial_degeneracies (test_mod3_power.ModThreePowerTests.test_normalized_simplicial_degeneracies) ... ok
test_right_suspension_of_degree_two_cube (test_mod3_power.ModThreePowerTests.test_right_suspension_of_degree_two_cube) ... ok
test_signed_gauge_covariance_and_closure (test_mod3_power.ModThreePowerTests.test_signed_gauge_covariance_and_closure) ... ok
test_current_signed_gauge_identity (test_odd_primitive.OddGaugeTests.test_current_signed_gauge_identity) ... ok
test_kappa_closed (test_odd_primitive.OddGaugeTests.test_kappa_closed) ... ok
test_rejects_unverified_detector_bits (test_odd_primitive.OddGaugeTests.test_rejects_unverified_detector_bits) ... ok
test_actual_universal_source_certificate (test_r3_chain.R3ChainTests.test_actual_universal_source_certificate) ... ok
test_complete_bar_transfer (test_r3_chain.R3ChainTests.test_complete_bar_transfer) ... ok
test_diagonal_contraction (test_r3_chain.R3ChainTests.test_diagonal_contraction) ... ok
test_relative_sizes (test_r3_chain.R3ChainTests.test_relative_sizes) ... ok
test_small_d_squared_through_eight (test_r3_chain.R3ChainTests.test_small_d_squared_through_eight) ... ok
test_smith_transforms (test_r3_chain.R3ChainTests.test_smith_transforms) ... ok
test_source_data_rejects_missing_or_nondyadic_coefficients (test_r3_chain.R3ChainTests.test_source_data_rejects_missing_or_nondyadic_coefficients) ... ok
test_strict_source_section (test_r3_chain.R3ChainTests.test_strict_source_section) ... ok
test_u2_contraction_and_side_identities (test_r3_chain.R3ChainTests.test_u2_contraction_and_side_identities) ... ok
test_bad_capacity_is_rejected (test_runtime_cache.RuntimeCacheTests.test_bad_capacity_is_rejected) ... ok
test_bad_chain_capacity_is_rejected (test_runtime_cache.RuntimeCacheTests.test_bad_chain_capacity_is_rejected) ... ok
test_certified_source_files_and_coefficients_are_unchanged (test_runtime_cache.RuntimeCacheTests.test_certified_source_files_and_coefficients_are_unchanged) ... ok
test_chain_eviction_preserves_exact_results (test_runtime_cache.RuntimeCacheTests.test_chain_eviction_preserves_exact_results) ... ok
test_chain_installation_failure_preserves_all_bindings (test_runtime_cache.RuntimeCacheTests.test_chain_installation_failure_preserves_all_bindings) ... ok
test_chain_policy_preserves_registration_ids_and_factories (test_runtime_cache.RuntimeCacheTests.test_chain_policy_preserves_registration_ids_and_factories) ... ok
test_chain_reconfiguration_uses_same_raw_evaluator (test_runtime_cache.RuntimeCacheTests.test_chain_reconfiguration_uses_same_raw_evaluator) ... ok
test_cochain_installation_failure_preserves_active_policy (test_runtime_cache.RuntimeCacheTests.test_cochain_installation_failure_preserves_active_policy) ... ok
test_eviction_preserves_registered_input_values (test_runtime_cache.RuntimeCacheTests.test_eviction_preserves_registered_input_values) ... ok
test_existing_and_new_cochains_recompute_after_eviction (test_runtime_cache.RuntimeCacheTests.test_existing_and_new_cochains_recompute_after_eviction) ... ok
test_recursive_exterior_contraction_survives_eviction (test_runtime_cache.RuntimeCacheTests.test_recursive_exterior_contraction_survives_eviction) ... ok
test_worker_audit_records_active_capacity (test_runtime_cache.RuntimeCacheTests.test_worker_audit_records_active_capacity) ... ok
test_degree_three_source_splitting (test_worker.WorkerTests.test_degree_three_source_splitting) ... ok
test_literal_zero_in_all_supported_degrees (test_worker.WorkerTests.test_literal_zero_in_all_supported_degrees) ... ok
test_reject_bad_face_data (test_worker.WorkerTests.test_reject_bad_face_data) ... ok
test_reject_failed_defining_equation (test_worker.WorkerTests.test_reject_failed_defining_equation) ... ok
test_reject_unsupported_degrees (test_worker.WorkerTests.test_reject_unsupported_degrees) ... ok

----------------------------------------------------------------------
Ran 68 tests in 234.520s

OK
