perl: warning: Setting locale failed.
perl: warning: Please check that your locale settings:
	LANGUAGE = (unset),
	LC_ALL = (unset),
	LC_CTYPE = "C.UTF-8",
	LC_NUMERIC = "C",
	LANG = "fr_FR.UTF-8"
    are supported and installed on your system.
perl: warning: Falling back to the standard locale ("C").
polymake: upgrading /tmp/gaptempdirgXatZl/partialFD2229 from old plain file format
polymake: used package cdd
  cddlib
  Implementation of the double description method of Motzkin et al.
  Copyright by Komei Fukuda.
  https://people.inf.ethz.ch/fukudak/cdd_home/
  https://github.com/cddlib

perl: warning: Setting locale failed.
perl: warning: Please check that your locale settings:
	LANGUAGE = (unset),
	LC_ALL = (unset),
	LC_CTYPE = "C.UTF-8",
	LC_NUMERIC = "C",
	LANG = "fr_FR.UTF-8"
    are supported and installed on your system.
perl: warning: Falling back to the standard locale ("C").
polymake: upgrading /tmp/gaptempdirgXatZl/partialFD2229 from old plain file format
polymake: used package cdd
  cddlib
  Implementation of the double description method of Motzkin et al.
  Copyright by Komei Fukuda.
  https://people.inf.ethz.ch/fukudak/cdd_home/
  https://github.com/cddlib

perl: warning: Setting locale failed.
perl: warning: Please check that your locale settings:
	LANGUAGE = (unset),
	LC_ALL = (unset),
	LC_CTYPE = "C.UTF-8",
	LC_NUMERIC = "C",
	LANG = "fr_FR.UTF-8"
    are supported and installed on your system.
perl: warning: Falling back to the standard locale ("C").
polymake: upgrading /tmp/gaptempdirgXatZl/partialFD2229 from old plain file format
polymake: used package cdd
  cddlib
  Implementation of the double description method of Motzkin et al.
  Copyright by Komei Fukuda.
  https://people.inf.ethz.ch/fukudak/cdd_home/
  https://github.com/cddlib

perl: warning: Setting locale failed.
perl: warning: Please check that your locale settings:
	LANGUAGE = (unset),
	LC_ALL = (unset),
	LC_CTYPE = "C.UTF-8",
	LC_NUMERIC = "C",
	LANG = "fr_FR.UTF-8"
    are supported and installed on your system.
perl: warning: Falling back to the standard locale ("C").
polymake: upgrading /tmp/gaptempdirgXatZl/partialFD2229 from old plain file format
polymake: used package cdd
  cddlib
  Implementation of the double description method of Motzkin et al.
  Copyright by Komei Fukuda.
  https://people.inf.ethz.ch/fukudak/cdd_home/
  https://github.com/cddlib

perl: warning: Setting locale failed.
perl: warning: Please check that your locale settings:
	LANGUAGE = (unset),
	LC_ALL = (unset),
	LC_CTYPE = "C.UTF-8",
	LC_NUMERIC = "C",
	LANG = "fr_FR.UTF-8"
    are supported and installed on your system.
perl: warning: Falling back to the standard locale ("C").
perl: warning: Setting locale failed.
perl: warning: Please check that your locale settings:
	LANGUAGE = (unset),
	LC_ALL = (unset),
	LC_CTYPE = "C.UTF-8",
	LC_NUMERIC = "C",
	LANG = "fr_FR.UTF-8"
    are supported and installed on your system.
perl: warning: Falling back to the standard locale ("C").
perl: warning: Setting locale failed.
perl: warning: Please check that your locale settings:
	LANGUAGE = (unset),
	LC_ALL = (unset),
	LC_CTYPE = "C.UTF-8",
	LC_NUMERIC = "C",
	LANG = "fr_FR.UTF-8"
    are supported and installed on your system.
perl: warning: Falling back to the standard locale ("C").
