2026-09-24T10:11:32.644830+00:00 table3-C2-row1 390595
2026-09-24T10:11:32.657627+00:00 SG001-zero 390596
2026-09-24T10:11:32.670235+00:00 table3-C2-row12 390597
2026-09-24T10:11:32.683049+00:00 SG001-w2_plus_w1_squared 390598
2026-09-24T10:11:32.695687+00:00 table3-C2-row19 390599
2026-09-24T10:11:32.708468+00:00 SG002-zero 390600
2026-09-24T10:11:32.721039+00:00 table3-C2-row20 390601
2026-09-24T10:11:32.733525+00:00 SG002-w2_plus_w1_squared 390602
2026-09-24T10:11:32.746158+00:00 table3-C2xC2-row4 390603
2026-09-24T10:11:32.758743+00:00 SG003-zero 390604
2026-09-24T10:11:32.771612+00:00 table3-C2xC2-row13 390605
2026-09-24T10:11:32.784252+00:00 SG003-w2_plus_w1_squared 390606
2026-09-24T10:11:32.796806+00:00 table3-C2xC2-row21 390607
2026-09-24T10:11:32.809308+00:00 SG004-zero 390608
2026-09-24T10:11:32.821872+00:00 table3-C2xC2xC2-row9 390609
2026-09-24T10:11:32.834481+00:00 SG004-w2_plus_w1_squared 390610
2026-09-24T10:11:32.847200+00:00 table3-C2xC2xC2-row16 390611
2026-09-24T10:11:32.859491+00:00 SG005-zero 390612
2026-09-24T10:11:32.872330+00:00 table3-C2xC2xC4-row10 390613
2026-09-24T10:11:32.884966+00:00 SG005-w2_plus_w1_squared 390614
2026-09-24T10:11:32.897605+00:00 table3-C2xC2xC4-row17 390615
2026-09-24T10:11:32.910095+00:00 SG006-zero 390616
2026-09-24T10:11:32.923192+00:00 table3-C2xC4-row5 390617
2026-09-24T10:11:32.935918+00:00 SG006-w2_plus_w1_squared 390618
2026-09-24T10:11:32.948762+00:00 table3-C2xC4-row14 390619
2026-09-24T10:11:32.961393+00:00 SG007-zero 390620
2026-09-24T10:11:32.974013+00:00 table3-C2xC4-row15 390621
2026-09-24T10:11:32.986781+00:00 SG007-w2_plus_w1_squared 390622
2026-09-24T10:11:32.999657+00:00 table3-C2xC4xC4-row11 390623
2026-09-24T10:11:33.012564+00:00 SG008-zero 390624
2026-09-24T10:11:33.025369+00:00 table3-C2xC4xC4-row18 390625
2026-09-24T10:11:33.037728+00:00 SG008-w2_plus_w1_squared 390626
2026-09-24T10:11:33.050207+00:00 table3-C2xC8-row6 390627
2026-09-24T10:11:33.062969+00:00 SG009-zero 390628
2026-09-24T10:11:33.075715+00:00 table3-C3-row2 390629
2026-09-24T10:11:33.088658+00:00 SG009-w2_plus_w1_squared 390630
2026-09-24T10:11:33.101697+00:00 table3-C4-row3 390631
2026-09-24T10:11:33.114256+00:00 SG010-zero 390632
2026-09-24T10:11:33.126996+00:00 table3-C4-row12 390633
2026-09-24T10:11:33.139640+00:00 SG010-w2_plus_w1_squared 390634
2026-09-24T10:11:33.152394+00:00 table3-C4xC4-row7 390635
2026-09-24T10:11:33.165298+00:00 SG011-zero 390636
2026-09-24T10:11:33.178381+00:00 table3-C4xC8-row8 390637
2026-09-24T10:11:33.191690+00:00 SG011-w2_plus_w1_squared 390638
2026-09-24T10:11:33.204639+00:00 table3-C5-row2 390639
2026-09-24T10:11:33.217320+00:00 SG012-zero 390640
2026-09-24T10:11:33.229947+00:00 table3-C6-row3 390641
2026-09-24T10:11:33.242639+00:00 SG012-w2_plus_w1_squared 390642
2026-09-24T10:11:33.255396+00:00 table3-C7-row2 390643
2026-09-24T10:11:33.268202+00:00 SG013-zero 390644
2026-09-24T10:11:33.280854+00:00 table3-C8-row3 390645
2026-09-24T10:11:33.293652+00:00 SG013-w2_plus_w1_squared 390646
2026-09-24T10:11:33.306138+00:00 table3-C8-row12 390647
2026-09-24T10:11:33.318793+00:00 SG014-zero 390648
2026-09-24T10:11:33.331484+00:00 table3-C9-row2 390649
2026-09-24T10:11:33.344467+00:00 SG014-w2_plus_w1_squared 390650
2026-09-24T10:11:33.357027+00:00 table3-C16-row12 390651
2026-09-24T10:11:33.369940+00:00 SG015-zero 390652
2026-09-24T10:11:33.382712+00:00 SG015-w2_plus_w1_squared 390653
2026-09-24T10:11:33.395500+00:00 SG016-zero 390654
2026-09-24T10:11:33.408145+00:00 SG016-w2_plus_w1_squared 390655
2026-09-24T10:11:33.420779+00:00 SG017-zero 390656
2026-09-24T10:11:33.433600+00:00 SG017-w2_plus_w1_squared 390657
2026-09-24T10:11:33.446245+00:00 SG018-zero 390658
2026-09-24T10:11:33.458830+00:00 SG018-w2_plus_w1_squared 390659
2026-09-24T10:11:33.471818+00:00 SG019-zero 390660
2026-09-24T10:11:33.484597+00:00 SG019-w2_plus_w1_squared 390661
2026-09-24T10:11:33.497163+00:00 SG020-zero 390662
2026-09-24T10:11:33.509781+00:00 SG020-w2_plus_w1_squared 390663
2026-09-24T10:11:33.522348+00:00 SG021-zero 390664
2026-09-24T10:11:33.534980+00:00 SG021-w2_plus_w1_squared 390665
2026-09-24T10:11:33.547923+00:00 SG022-zero 390666
2026-09-24T10:11:33.560989+00:00 SG022-w2_plus_w1_squared 390667
2026-09-24T10:11:33.573651+00:00 SG023-zero 390668
2026-09-24T10:11:33.586511+00:00 SG023-w2_plus_w1_squared 390669
2026-09-24T10:11:33.599052+00:00 SG024-zero 390670
2026-09-24T10:11:33.611810+00:00 SG024-w2_plus_w1_squared 390671
2026-09-24T10:11:33.623918+00:00 SG025-zero 390672
2026-09-24T10:11:33.636527+00:00 SG025-w2_plus_w1_squared 390673
2026-09-24T10:11:33.649328+00:00 SG026-zero 390674
2026-09-24T10:11:33.662106+00:00 SG026-w2_plus_w1_squared 390675
2026-09-24T10:11:33.675096+00:00 SG027-zero 390676
2026-09-24T10:11:33.687890+00:00 SG027-w2_plus_w1_squared 390677
2026-09-24T10:11:33.700577+00:00 SG028-zero 390678
2026-09-24T10:11:33.713308+00:00 SG028-w2_plus_w1_squared 390679
2026-09-24T10:11:33.726117+00:00 SG029-zero 390680
2026-09-24T10:11:33.738890+00:00 SG029-w2_plus_w1_squared 390681
2026-09-24T10:11:33.751690+00:00 SG030-zero 390682
2026-09-24T10:11:33.764349+00:00 SG030-w2_plus_w1_squared 390683
2026-09-24T10:11:33.776950+00:00 SG031-zero 390684
2026-09-24T10:11:33.789388+00:00 SG031-w2_plus_w1_squared 390685
2026-09-24T10:11:33.801782+00:00 SG032-zero 390686
2026-09-24T10:11:33.814465+00:00 SG032-w2_plus_w1_squared 390687
2026-09-24T10:11:33.826843+00:00 SG033-zero 390688
2026-09-24T10:11:33.839521+00:00 SG033-w2_plus_w1_squared 390689
2026-09-24T10:11:33.852607+00:00 SG034-zero 390690
2026-09-24T10:11:33.865348+00:00 SG034-w2_plus_w1_squared 390691
2026-09-24T10:11:33.878441+00:00 SG035-zero 390692
2026-09-24T10:11:33.891388+00:00 SG035-w2_plus_w1_squared 390693
2026-09-24T10:11:33.904368+00:00 SG036-zero 390694
2026-09-24T10:11:33.916829+00:00 SG036-w2_plus_w1_squared 390695
2026-09-24T10:11:33.929773+00:00 SG037-zero 390696
2026-09-24T10:11:33.942794+00:00 SG037-w2_plus_w1_squared 390697
2026-09-24T10:11:33.955471+00:00 SG038-zero 390698
2026-09-24T10:11:33.968147+00:00 SG038-w2_plus_w1_squared 390699
2026-09-24T10:11:33.980799+00:00 SG039-zero 390700
2026-09-24T10:11:33.993602+00:00 SG039-w2_plus_w1_squared 390701
2026-09-24T10:11:34.006636+00:00 SG040-zero 390702
2026-09-24T10:11:34.030008+00:00 SG040-w2_plus_w1_squared 390703
2026-09-24T10:11:34.042358+00:00 SG041-zero 390704
2026-09-24T10:11:34.054817+00:00 SG041-w2_plus_w1_squared 390705
2026-09-24T10:11:34.068029+00:00 SG042-zero 390706
2026-09-24T10:11:34.081351+00:00 SG042-w2_plus_w1_squared 390707
2026-09-24T10:11:34.094268+00:00 SG043-zero 390708
2026-09-24T10:11:34.107096+00:00 SG043-w2_plus_w1_squared 390709
2026-09-24T10:11:34.119954+00:00 SG044-zero 390710
2026-09-24T10:11:34.132668+00:00 SG044-w2_plus_w1_squared 390711
2026-09-24T10:11:34.145380+00:00 SG045-zero 390712
2026-09-24T10:11:34.158149+00:00 SG045-w2_plus_w1_squared 390713
2026-09-24T10:11:34.170941+00:00 SG046-zero 390714
2026-09-24T10:11:34.183873+00:00 SG046-w2_plus_w1_squared 390715
2026-09-24T10:11:34.196687+00:00 SG047-zero 390716
2026-09-24T10:11:34.209399+00:00 SG047-w2_plus_w1_squared 390717
2026-09-24T10:11:34.222017+00:00 SG048-zero 390718
2026-09-24T10:11:34.234656+00:00 SG048-w2_plus_w1_squared 390719
2026-09-24T10:11:34.247499+00:00 SG049-zero 390720
2026-09-24T10:11:34.260267+00:00 SG049-w2_plus_w1_squared 390721
2026-09-24T10:11:34.273314+00:00 SG050-zero 390722
2026-09-24T10:11:34.285857+00:00 SG050-w2_plus_w1_squared 390723
2026-09-24T10:11:34.298750+00:00 SG051-zero 390724
2026-09-24T10:11:34.311474+00:00 SG051-w2_plus_w1_squared 390725
2026-09-24T10:11:34.324075+00:00 SG052-zero 390726
2026-09-24T10:11:34.336721+00:00 SG052-w2_plus_w1_squared 390727
2026-09-24T10:11:34.349209+00:00 SG053-zero 390728
2026-09-24T10:11:34.361576+00:00 SG053-w2_plus_w1_squared 390729
2026-09-24T10:11:34.374099+00:00 SG054-zero 390730
2026-09-24T10:11:34.386666+00:00 SG054-w2_plus_w1_squared 390731
2026-09-24T10:11:34.399920+00:00 SG055-zero 390732
2026-09-24T10:11:34.412610+00:00 SG055-w2_plus_w1_squared 390733
2026-09-24T10:11:34.425542+00:00 SG056-zero 390734
2026-09-24T10:11:34.438290+00:00 SG056-w2_plus_w1_squared 390735
2026-09-24T10:11:34.450840+00:00 SG057-zero 390736
2026-09-24T10:11:34.463711+00:00 SG057-w2_plus_w1_squared 390737
2026-09-24T10:11:34.476706+00:00 SG058-zero 390738
2026-09-24T10:11:34.489058+00:00 SG058-w2_plus_w1_squared 390739
2026-09-24T10:11:34.502108+00:00 SG059-zero 390740
2026-09-24T10:11:34.514829+00:00 SG059-w2_plus_w1_squared 390741
2026-09-24T10:11:34.527776+00:00 SG060-zero 390742
{"certified_ko": false, "completed_e6": 0, "counts": {"PENDING": 148, "not_submitted": 341}, "finite_comparison_counts": {"not_computed": 90}, "space_comparison_counts": {"not_computed": 230, "twist_not_tabulated": 230}, "total_tasks": 489, "updated_utc": "2026-09-24T10:11:34.921748+00:00"}
[2026-09-24T12:12:27.939] error: *** JOB 390594 ON bosons CANCELLED AT 2026-09-24T12:12:27 DUE to SIGNAL Terminated ***
