Traceback (most recent call last):
  File "/users/invites/cliu/wye/fermionAHSS/runs/papers-20260924/source/batch/campaign.py", line 350, in <module>
    sys.exit(main())
             ~~~~^^
  File "/users/invites/cliu/wye/fermionAHSS/runs/papers-20260924/source/batch/campaign.py", line 346, in main
    return globals()[args.command](args)
           ~~~~~~~~~~~~~~~~~~~~~~~^^^^^^
  File "/users/invites/cliu/wye/fermionAHSS/runs/papers-20260924/source/batch/campaign.py", line 208, in work
    process = subprocess.Popen(command, cwd=run/"source", env=env,
                               stdout=log, stderr=subprocess.STDOUT, start_new_session=True)
  File "/users/invites/cliu/.local/opt/miniforge3/lib/python3.13/subprocess.py", line 1039, in __init__
    self._execute_child(args, executable, preexec_fn, close_fds,
    ~~~~~~~~~~~~~~~~~~~^^^^^^^^^^^^^^^^^^^^^^^^^^^^^^^^^^^^^^^^^
                        pass_fds, cwd, env,
                        ^^^^^^^^^^^^^^^^^^^
    ...<5 lines>...
                        gid, gids, uid, umask,
                        ^^^^^^^^^^^^^^^^^^^^^^
                        start_new_session, process_group)
                        ^^^^^^^^^^^^^^^^^^^^^^^^^^^^^^^^^
  File "/users/invites/cliu/.local/opt/miniforge3/lib/python3.13/subprocess.py", line 1991, in _execute_child
    raise child_exception_type(errno_num, err_msg, err_filename)
FileNotFoundError: [Errno 2] No such file or directory: '/usr/bin/time'
