2026-09-24T10:14:53.404535+00:00 SG001-zero 390744
2026-09-24T10:14:53.417630+00:00 table3-C2-row19 390745
2026-09-24T10:14:53.430827+00:00 table3-C2-row20 390746
2026-09-24T10:14:53.443659+00:00 table3-C2xC2-row4 390747
2026-09-24T10:14:53.456568+00:00 table3-C2xC2-row13 390748
2026-09-24T10:14:53.468938+00:00 SG003-w2_plus_w1_squared 390749
2026-09-24T10:14:53.481747+00:00 table3-C2xC2xC2-row9 390750
2026-09-24T10:14:53.494625+00:00 SG004-w2_plus_w1_squared 390751
2026-09-24T10:14:53.507245+00:00 table3-C2xC2xC4-row10 390752
2026-09-24T10:14:53.520206+00:00 table3-C2xC2xC4-row17 390753
2026-09-24T10:14:53.532686+00:00 table3-C2xC4-row5 390754
2026-09-24T10:14:53.545505+00:00 SG006-w2_plus_w1_squared 390755
2026-09-24T10:14:53.558005+00:00 table3-C2xC4-row14 390756
2026-09-24T10:14:53.598120+00:00 SG007-w2_plus_w1_squared 390757
2026-09-24T10:14:53.614834+00:00 table3-C2xC4xC4-row11 390758
2026-09-24T10:14:53.628295+00:00 SG008-zero 390759
2026-09-24T10:14:53.641723+00:00 table3-C2xC8-row6 390760
2026-09-24T10:14:53.654462+00:00 SG009-zero 390761
2026-09-24T10:14:53.667504+00:00 SG009-w2_plus_w1_squared 390762
2026-09-24T10:14:53.680234+00:00 table3-C4-row12 390763
2026-09-24T10:14:53.693191+00:00 table3-C4xC4-row7 390764
2026-09-24T10:14:53.705512+00:00 SG011-zero 390765
2026-09-24T10:14:53.718770+00:00 table3-C4xC8-row8 390766
2026-09-24T10:14:53.731665+00:00 SG011-w2_plus_w1_squared 390767
2026-09-24T10:14:53.744432+00:00 table3-C5-row2 390768
2026-09-24T10:14:53.757271+00:00 SG012-zero 390769
2026-09-24T10:14:53.769620+00:00 table3-C6-row3 390770
2026-09-24T10:14:53.782215+00:00 SG012-w2_plus_w1_squared 390771
2026-09-24T10:14:53.794936+00:00 table3-C7-row2 390772
2026-09-24T10:14:53.807877+00:00 SG013-zero 390773
2026-09-24T10:14:53.820301+00:00 table3-C8-row3 390774
2026-09-24T10:14:53.832908+00:00 SG013-w2_plus_w1_squared 390775
2026-09-24T10:14:53.845737+00:00 table3-C8-row12 390776
2026-09-24T10:14:53.858773+00:00 SG014-zero 390777
2026-09-24T10:14:53.871052+00:00 table3-C9-row2 390778
2026-09-24T10:14:53.884235+00:00 SG014-w2_plus_w1_squared 390779
2026-09-24T10:14:53.896993+00:00 table3-C16-row12 390780
2026-09-24T10:14:53.909358+00:00 SG015-zero 390781
2026-09-24T10:14:53.922483+00:00 SG015-w2_plus_w1_squared 390782
2026-09-24T10:14:53.935673+00:00 SG016-zero 390783
2026-09-24T10:14:53.948629+00:00 SG016-w2_plus_w1_squared 390784
2026-09-24T10:14:53.961535+00:00 SG017-zero 390785
2026-09-24T10:14:53.974614+00:00 SG017-w2_plus_w1_squared 390786
2026-09-24T10:14:53.987394+00:00 SG018-zero 390787
2026-09-24T10:14:54.000467+00:00 SG018-w2_plus_w1_squared 390788
2026-09-24T10:14:54.012978+00:00 SG019-zero 390789
2026-09-24T10:14:54.025726+00:00 SG019-w2_plus_w1_squared 390790
2026-09-24T10:14:54.038802+00:00 SG020-zero 390791
2026-09-24T10:14:54.051922+00:00 SG020-w2_plus_w1_squared 390792
2026-09-24T10:14:54.065217+00:00 SG021-zero 390793
2026-09-24T10:14:54.078247+00:00 SG021-w2_plus_w1_squared 390794
2026-09-24T10:14:54.091088+00:00 SG022-zero 390795
2026-09-24T10:14:54.103847+00:00 SG022-w2_plus_w1_squared 390796
2026-09-24T10:14:54.116790+00:00 SG023-zero 390797
2026-09-24T10:14:54.129763+00:00 SG023-w2_plus_w1_squared 390798
2026-09-24T10:14:54.142725+00:00 SG024-zero 390799
2026-09-24T10:14:54.155527+00:00 SG024-w2_plus_w1_squared 390800
2026-09-24T10:14:54.168385+00:00 SG025-zero 390801
2026-09-24T10:14:54.181622+00:00 SG025-w2_plus_w1_squared 390802
2026-09-24T10:14:54.194306+00:00 SG026-zero 390803
2026-09-24T10:14:54.207119+00:00 SG026-w2_plus_w1_squared 390804
2026-09-24T10:14:54.220454+00:00 SG027-zero 390805
2026-09-24T10:14:54.233251+00:00 SG027-w2_plus_w1_squared 390806
2026-09-24T10:14:54.246071+00:00 SG028-zero 390807
2026-09-24T10:14:54.259107+00:00 SG028-w2_plus_w1_squared 390808
2026-09-24T10:14:54.272092+00:00 SG029-zero 390809
2026-09-24T10:14:54.285019+00:00 SG029-w2_plus_w1_squared 390810
2026-09-24T10:14:54.299568+00:00 SG030-zero 390811
2026-09-24T10:14:54.313169+00:00 SG030-w2_plus_w1_squared 390812
2026-09-24T10:14:54.326091+00:00 SG031-zero 390813
2026-09-24T10:14:54.338999+00:00 SG031-w2_plus_w1_squared 390814
2026-09-24T10:14:54.351535+00:00 SG032-zero 390815
2026-09-24T10:14:54.364510+00:00 SG032-w2_plus_w1_squared 390816
2026-09-24T10:14:54.378138+00:00 SG033-zero 390817
2026-09-24T10:14:54.390933+00:00 SG033-w2_plus_w1_squared 390818
2026-09-24T10:14:54.403541+00:00 SG034-zero 390819
2026-09-24T10:14:54.416484+00:00 SG034-w2_plus_w1_squared 390820
2026-09-24T10:14:54.428902+00:00 SG035-zero 390821
2026-09-24T10:14:54.441244+00:00 SG035-w2_plus_w1_squared 390822
2026-09-24T10:14:54.453807+00:00 SG036-zero 390823
2026-09-24T10:14:54.466757+00:00 SG036-w2_plus_w1_squared 390824
2026-09-24T10:14:54.479252+00:00 SG037-zero 390825
2026-09-24T10:14:54.492156+00:00 SG037-w2_plus_w1_squared 390826
2026-09-24T10:14:54.504855+00:00 SG038-zero 390827
2026-09-24T10:14:54.517809+00:00 SG038-w2_plus_w1_squared 390828
2026-09-24T10:14:54.530617+00:00 SG039-zero 390829
2026-09-24T10:14:54.543349+00:00 SG039-w2_plus_w1_squared 390830
2026-09-24T10:14:54.556164+00:00 SG040-zero 390831
2026-09-24T10:14:54.569088+00:00 SG040-w2_plus_w1_squared 390832
2026-09-24T10:14:54.581956+00:00 SG041-zero 390833
2026-09-24T10:14:54.594859+00:00 SG041-w2_plus_w1_squared 390834
2026-09-24T10:14:54.607867+00:00 SG042-zero 390835
2026-09-24T10:14:54.621096+00:00 SG042-w2_plus_w1_squared 390836
2026-09-24T10:14:54.633472+00:00 SG043-zero 390837
2026-09-24T10:14:54.646523+00:00 SG043-w2_plus_w1_squared 390838
2026-09-24T10:14:54.659224+00:00 SG044-zero 390839
2026-09-24T10:14:54.672149+00:00 SG044-w2_plus_w1_squared 390840
2026-09-24T10:14:54.684903+00:00 SG045-zero 390841
2026-09-24T10:14:54.697708+00:00 SG045-w2_plus_w1_squared 390842
2026-09-24T10:14:54.710285+00:00 SG046-zero 390843
2026-09-24T10:14:54.723264+00:00 SG046-w2_plus_w1_squared 390844
2026-09-24T10:14:54.736180+00:00 SG047-zero 390845
2026-09-24T10:14:54.748481+00:00 SG047-w2_plus_w1_squared 390846
2026-09-24T10:14:54.761179+00:00 SG048-zero 390847
2026-09-24T10:14:54.773857+00:00 SG048-w2_plus_w1_squared 390848
2026-09-24T10:14:54.786392+00:00 SG049-zero 390849
2026-09-24T10:14:54.799175+00:00 SG049-w2_plus_w1_squared 390850
2026-09-24T10:14:54.812071+00:00 SG050-zero 390851
2026-09-24T10:14:54.824547+00:00 SG050-w2_plus_w1_squared 390852
2026-09-24T10:14:54.837575+00:00 SG051-zero 390853
2026-09-24T10:14:54.850476+00:00 SG051-w2_plus_w1_squared 390854
2026-09-24T10:14:54.863081+00:00 SG052-zero 390855
2026-09-24T10:14:54.877832+00:00 SG052-w2_plus_w1_squared 390856
2026-09-24T10:14:54.890243+00:00 SG053-zero 390857
2026-09-24T10:14:54.903011+00:00 SG053-w2_plus_w1_squared 390858
2026-09-24T10:14:54.915919+00:00 SG054-zero 390859
2026-09-24T10:14:54.928771+00:00 SG054-w2_plus_w1_squared 390860
2026-09-24T10:14:54.941222+00:00 SG055-zero 390861
2026-09-24T10:14:54.954235+00:00 SG055-w2_plus_w1_squared 390862
2026-09-24T10:14:54.967084+00:00 SG056-zero 390863
2026-09-24T10:14:54.980101+00:00 SG056-w2_plus_w1_squared 390864
2026-09-24T10:14:54.992572+00:00 SG057-zero 390865
2026-09-24T10:14:55.005406+00:00 SG057-w2_plus_w1_squared 390866
2026-09-24T10:14:55.017816+00:00 SG058-zero 390867
2026-09-24T10:14:55.030538+00:00 SG058-w2_plus_w1_squared 390868
2026-09-24T10:14:55.043253+00:00 SG059-zero 390869
2026-09-24T10:14:55.056226+00:00 SG059-w2_plus_w1_squared 390870
2026-09-24T10:14:55.069024+00:00 SG060-zero 390871
2026-09-24T10:14:55.081910+00:00 SG060-w2_plus_w1_squared 390872
2026-09-24T10:14:55.094808+00:00 SG061-zero 390873
2026-09-24T10:14:55.107743+00:00 SG061-w2_plus_w1_squared 390874
2026-09-24T10:14:55.120098+00:00 SG062-zero 390875
2026-09-24T10:14:55.132794+00:00 SG062-w2_plus_w1_squared 390876
2026-09-24T10:14:55.145293+00:00 SG063-zero 390877
2026-09-24T10:14:55.158446+00:00 SG063-w2_plus_w1_squared 390878
2026-09-24T10:14:55.171548+00:00 SG064-zero 390879
2026-09-24T10:14:55.184603+00:00 SG064-w2_plus_w1_squared 390880
2026-09-24T10:14:55.196927+00:00 SG065-zero 390881
2026-09-24T10:14:55.209903+00:00 SG065-w2_plus_w1_squared 390882
2026-09-24T10:14:55.222567+00:00 SG066-zero 390883
2026-09-24T10:14:55.235626+00:00 SG066-w2_plus_w1_squared 390884
2026-09-24T10:14:55.248522+00:00 SG067-zero 390885
2026-09-24T10:14:55.261532+00:00 SG067-w2_plus_w1_squared 390886
2026-09-24T10:14:55.274134+00:00 SG068-zero 390887
2026-09-24T10:14:55.287022+00:00 SG068-w2_plus_w1_squared 390888
2026-09-24T10:14:55.299870+00:00 SG069-zero 390889
2026-09-24T10:14:55.312563+00:00 SG069-w2_plus_w1_squared 390890
{"certified_ko": false, "completed_e6": 19, "counts": {"PENDING": 147, "RUNNING": 1, "computed": 19, "not_submitted": 322}, "finite_comparison_counts": {"not_computed": 63, "order_matches_extensions_unresolved": 27}, "space_comparison_counts": {"layer_discrepancy": 1, "layers_match": 6, "not_computed": 223, "twist_not_tabulated": 230}, "total_tasks": 489, "updated_utc": "2026-09-24T10:14:55.719053+00:00"}
2026-09-24T10:15:55.955394+00:00 SG070-zero 390891
2026-09-24T10:15:55.968716+00:00 SG070-w2_plus_w1_squared 390892
2026-09-24T10:15:55.981063+00:00 SG071-zero 390893
2026-09-24T10:15:55.993658+00:00 SG071-w2_plus_w1_squared 390894
2026-09-24T10:15:56.006087+00:00 SG072-zero 390895
2026-09-24T10:15:56.018881+00:00 SG072-w2_plus_w1_squared 390896
2026-09-24T10:15:56.030972+00:00 SG073-zero 390897
2026-09-24T10:15:56.043960+00:00 SG073-w2_plus_w1_squared 390898
2026-09-24T10:15:56.056797+00:00 SG074-zero 390899
2026-09-24T10:15:56.069923+00:00 SG074-w2_plus_w1_squared 390900
2026-09-24T10:15:56.082646+00:00 SG075-zero 390901
2026-09-24T10:15:56.095707+00:00 SG075-w2_plus_w1_squared 390902
2026-09-24T10:15:56.108026+00:00 SG076-zero 390903
2026-09-24T10:15:56.120929+00:00 SG076-w2_plus_w1_squared 390904
2026-09-24T10:15:56.133068+00:00 SG077-zero 390905
2026-09-24T10:15:56.146170+00:00 SG077-w2_plus_w1_squared 390906
2026-09-24T10:15:56.158672+00:00 SG078-zero 390907
2026-09-24T10:15:56.171632+00:00 SG078-w2_plus_w1_squared 390908
2026-09-24T10:15:56.184029+00:00 SG079-zero 390909
2026-09-24T10:15:56.197395+00:00 SG079-w2_plus_w1_squared 390910
2026-09-24T10:15:56.209693+00:00 SG080-zero 390911
{"certified_ko": false, "completed_e6": 40, "counts": {"PENDING": 144, "RUNNING": 4, "computed": 40, "not_submitted": 301}, "finite_comparison_counts": {"not_computed": 24, "order_differs": 3, "order_matches_extensions_unresolved": 63}, "space_comparison_counts": {"layer_discrepancy": 3, "layers_match": 7, "not_computed": 220, "twist_not_tabulated": 230}, "total_tasks": 489, "updated_utc": "2026-09-24T10:15:56.509212+00:00"}
[2026-09-24T12:16:50.558] error: *** JOB 390743 ON bosons CANCELLED AT 2026-09-24T12:16:50 DUE to SIGNAL Terminated ***
